<html>
<body>
<pre>
<h1>µVision Build Log</h1>
<h2>Project:</h2>
C:\Users\Administrator\Desktop\STM32F103RC\Freertos_F103\MDK-ARM\Freertos_F103.uvprojx
Project File Date:  06/14/2017

<h2>Output:</h2>
Rebuild target 'Freertos_F103'
compiling port.c...
compiling event_groups.c...
compiling heap_4.c...
compiling tasks.c...
compiling list.c...
compiling cmsis_os.c...
compiling queue.c...
compiling timers.c...
compiling croutine.c...
assembling startup_stm32f103xe.s...
compiling system_stm32f1xx.c...
compiling main.c...
compiling freertos.c...
compiling stm32f1xx_hal_msp.c...
compiling stm32f1xx_it.c...
compiling stm32f1xx_hal_flash.c...
compiling stm32f1xx_hal_rcc.c...
compiling stm32f1xx_hal_rcc_ex.c...
compiling stm32f1xx_hal_pwr.c...
compiling stm32f1xx_hal.c...
compiling stm32f1xx_hal_dma.c...
compiling stm32f1xx_hal_tim_ex.c...
compiling stm32f1xx_hal_gpio.c...
compiling stm32f1xx_hal_cortex.c...
compiling stm32f1xx_hal_tim.c...
compiling stm32f1xx_hal_flash_ex.c...
compiling stm32f1xx_hal_uart.c...
compiling stm32f1xx_hal_gpio_ex.c...
linking...
Program Size: Code=6452 RO-data=392 RW-data=104 ZI-data=4400  
"Freertos_F103\Freertos_F103.axf" - 0 Error(s), 0 Warning(s).

<h2>Software Packages used:</h2>

Package Vendor: ARM
                http://www.keil.com/pack/ARM.CMSIS.3.20.4.pack
                ARM::CMSIS:CORE:3.20.0
                Cortex Microcontroller Software Interface Standard (CMSIS) CORE, DSP, RTOS, Driver
   * Component: CORE Version: 3.20.0

<h2>Collection of Component include folders:</h2>
  C:\Users\Administrator\Desktop\STM32F103RC\Freertos_F103\MDK-ARM\RTE
  D:\Project_SW\Keil5\ARM\PACK\ARM\CMSIS\3.20.4\CMSIS\Include
  D:\Project_SW\Keil5\ARM\PACK\Keil\STM32F1xx_DFP\1.0.4\Device\Include

<h2>Collection of Component Files used:</h2>

   * Component: ARM::CMSIS:CORE:3.20.0
